// Jest Snapshot v1, https://goo.gl/fbAQLP

exports[`should render <PageHome /> correctly renders 1`] = `
<Fragment>
  <HelmetWrapper
    defer={true}
    encodeSpecialCharacters={true}
  >
    <title>
      Home
    </title>
  </HelmetWrapper>
  <div
    className="homepage-wrapper"
  >
    <div
      className="fixed-wrapper"
    >
      <div
        className="search-wrapper"
      >
        <Connect(FilterInput) />
      </div>
    </div>
    <Connect(WithJob(UsersCards)) />
  </div>
</Fragment>
`;
