// Jest Snapshot v1, https://goo.gl/fbAQLP

exports[`should render <PageHome /> correctly renders 1`] = `
<div>
  <HelmetWrapper
    defer={true}
    encodeSpecialCharacters={true}
  >
    <title>
      Home
    </title>
  </HelmetWrapper>
  <h2>
    Hello world!
  </h2>
  <p>
    this is the homepage
  </p>
</div>
`;
