// Jest Snapshot v1, https://goo.gl/fbAQLP

exports[`should render <AboutPage /> page correctly renders 1`] = `
<div
  style={
    Object {
      "textAlign": "center",
    }
  }
>
  <HelmetWrapper
    defer={true}
    encodeSpecialCharacters={true}
  >
    <title>
      About
    </title>
  </HelmetWrapper>
  <p
    style={
      Object {
        "marginTop": "56px",
      }
    }
  >
    Produced with
     
    <span
      aria-label="heart"
      role="img"
    >
      ❤️
    </span>
    <br />
    <div>
      Tirta Nugraha (dev.nugrata@gmail.com)
    </div>
    <br />
    Github: 
    <a
      href="https://github.com/tagraha/address-book-react"
      rel="noopener noreferrer"
      target="_blank"
    >
      https://github.com/tagraha/address-book-react
    </a>
  </p>
</div>
`;
